CPU_RISCV64_SPACEMIT: tcm is available, blk_size: 393216, blk_num: 8, is_fake_tcm: 0
CPU_RISCV64_SPACEMIT: num_cores: 16, num_perfer_cores: 8, perfer_core_arch_id: a064, exclude_main_thread: 0, use_ime1: 0, use_ime2: 1, mem_backend: HPAGE, cpu_mask: ff00, aicpu_id_offset: 8
CPU_RISCV64_SPACEMIT: alloc_chunk: open(/dev/tcm_sync_mem) failed, errno=2
CPU_RISCV64_SPACEMIT: failed to allocate init_barrier from shared mem, falling back to heap

Loading model... 


▄▄ ▄▄
██ ██
██ ██  ▀▀█▄ ███▄███▄  ▀▀█▄    ▄████ ████▄ ████▄
██ ██ ▄█▀██ ██ ██ ██ ▄█▀██    ██    ██ ██ ██ ██
██ ██ ▀█▄██ ██ ██ ██ ▀█▄██ ██ ▀████ ████▀ ████▀
                                    ██    ██
                                    ▀▀    ▀▀

build      : b9510-246e63e6f
model      : gemma-4-12B-it-qat-UD-Q4_K_XL.gguf
modalities : text

available commands:
  /exit or Ctrl+C     stop or exit
  /regen              regenerate the last response
  /clear              clear the chat history
  /read <file>        add a text file
  /glob <pattern>     add text files using globbing pattern


> Explain in technical detail how RISC-V vector extensions accelerate matrix multiplication in transformer inference, covering register width, fused multiply-add, and memory bandwidth.

[Start thinking]
RISC-V Vector Extensions (RVV) and their role in accelerating matrix multiplication for Transformer inference.
Register width, Fused Multiply-Add (FMA), and Memory Bandwidth.
Technical detail.

    *   *Transformer Inference:* Key operation is $Q \times K^T$ and $V \times \text{Attention}$. These are large matrix multiplications (GEMM - General Matrix Multiply).
    *   *RISC-V Vector Extension (RVV):* A scalable vector architecture. Unlike fixed-width SIMD (like AVX-512), RVV uses VLEN (Vector Length) and LMUL (Length Multiplier).
    *   *Matrix Multiplication:* $C = A \times B$. Standard algorithm is $C_{ij} = \sum A_{ik} \times B_{kj}$.

    A logical flow is essential for a technical explanation:
    *   Introduction: The role of GEMM in Transformers.
    *   Architecture Overview: RVV basics (VLEN, LMUL, Register Grouping).
    *   Mechanism 1: Register Width & Vectorization (SIMD vs. Vector).
    *   Mechanism 2: Fused Multiply

[ Prompt: 24.0 t/s | Generation: 6.0 t/s ]

Exiting...
