CPU_RISCV64_SPACEMIT: tcm is available, blk_size: 393216, blk_num: 8, is_fake_tcm: 0
CPU_RISCV64_SPACEMIT: num_cores: 16, num_perfer_cores: 8, perfer_core_arch_id: a064, exclude_main_thread: 0, use_ime1: 0, use_ime2: 1, mem_backend: HPAGE, cpu_mask: ff00, aicpu_id_offset: 8
CPU_RISCV64_SPACEMIT: alloc_chunk: open(/dev/tcm_sync_mem) failed, errno=2
CPU_RISCV64_SPACEMIT: failed to allocate init_barrier from shared mem, falling back to heap

Loading model... 


▄▄ ▄▄
██ ██
██ ██  ▀▀█▄ ███▄███▄  ▀▀█▄    ▄████ ████▄ ████▄
██ ██ ▄█▀██ ██ ██ ██ ▄█▀██    ██    ██ ██ ██ ██
██ ██ ▀█▄██ ██ ██ ██ ▀█▄██ ██ ▀████ ████▀ ████▀
                                    ██    ██
                                    ▀▀    ▀▀

build      : b9510-246e63e6f
model      : gemma-4-E4B-it-qat-UD-Q4_K_XL.gguf
modalities : text

available commands:
  /exit or Ctrl+C     stop or exit
  /regen              regenerate the last response
  /clear              clear the chat history
  /read <file>        add a text file
  /glob <pattern>     add text files using globbing pattern


> Explain in technical detail how RISC-V vector extensions accelerate matrix multiplication in transformer inference, covering register width, fused multiply-add, and memory bandwidth.

[Start thinking]
Here's a plan to structure the detailed technical explanation:
1.  **Understand the Goal:** Explain how RISC-V Vector Extensions accelerate matrix multiplication (the core operation in transformer inference).
2.  **Identify Key Components:** Focus on Register Width, Fused Multiply-Add (FMA), and Memory Bandwidth.
3.  **Structure the Explanation:**
    *   Introduction (Context: Transformer Inference & Matrix Multiplication).
    *   RISC-V Vector Architecture Overview (The foundation).
    *   Detailed Analysis of Acceleration Mechanisms:
        *   Vector Registers and Register Width (SIMD parallelism).
        *   Fused Multiply-Add (FMA) and Computational Density.
        *   Memory Bandwidth and Data Movement (The bottleneck).
    *   Conclusion/Summary (Synthesis of benefits).

Constraint Checklist & Confidence Score:
1. Explain in technical detail? Yes.
2. How RISC-V vector extensions accelerate matrix multiplication? Yes.
3. In transformer inference? Yes.
4. Cover register width? Yes.
5. Cover fused multiply-add? Yes.
6. Cover memory bandwidth? Yes.

Confidence Score: 5/5 (The

[ Prompt: 52.3 t/s | Generation: 12.0 t/s ]

Exiting...
