CPU_RISCV64_SPACEMIT: tcm is available, blk_size: 393216, blk_num: 8, is_fake_tcm: 0
CPU_RISCV64_SPACEMIT: num_cores: 16, num_perfer_cores: 8, perfer_core_arch_id: a064, exclude_main_thread: 0, use_ime1: 0, use_ime2: 1, mem_backend: HPAGE, cpu_mask: ff00, aicpu_id_offset: 8
CPU_RISCV64_SPACEMIT: alloc_chunk: open(/dev/tcm_sync_mem) failed, errno=2
CPU_RISCV64_SPACEMIT: failed to allocate init_barrier from shared mem, falling back to heap

Loading model... 


▄▄ ▄▄
██ ██
██ ██  ▀▀█▄ ███▄███▄  ▀▀█▄    ▄████ ████▄ ████▄
██ ██ ▄█▀██ ██ ██ ██ ▄█▀██    ██    ██ ██ ██ ██
██ ██ ▀█▄██ ██ ██ ██ ▀█▄██ ██ ▀████ ████▀ ████▀
                                    ██    ██
                                    ▀▀    ▀▀

build      : b9510-246e63e6f
model      : gemma-4-E2B-it-qat-UD-Q4_K_XL.gguf
modalities : text

available commands:
  /exit or Ctrl+C     stop or exit
  /regen              regenerate the last response
  /clear              clear the chat history
  /read <file>        add a text file
  /glob <pattern>     add text files using globbing pattern


> Explain in technical detail how RISC-V vector extensions accelerate matrix multiplication in transformer inference, covering register width, fused multiply-add, and memory bandwidth.

[Start thinking]
Here's a thinking process that leads to the detailed explanation:

1.  **Deconstruct the Request:**
    *   **Topic:** RISC-V vector extensions accelerating matrix multiplication (GEMM) in transformer inference.
    *   **Required Detail Level:** Technical.
    *   **Specific Areas to Cover:**
        *   Register width.
        *   Fused multiply-add (FMA).
        *   Memory bandwidth.

2.  **Identify the Core Problem (Transformer Inference & GEMM):**
    *   Transformer inference relies heavily on large matrix multiplications (Attention mechanism, Feed-Forward Networks).
    *   These are dense operations, requiring high throughput and low latency.
    *   The bottleneck is usually data movement (memory access) and the computational intensity of the operation.

3.  **Analyze RISC-V Vector Extensions (The "How"):**
    *   RISC-V is an open ISA, meaning vector extensions (like V-extension, or future extensions) are customizable.
    *   The key concept is Single Instruction, Multiple Data (SIMD).
    *   *Goal:* Perform the same operation on multiple data elements simultaneously.

4

[ Prompt: 69.6 t/s | Generation: 11.0 t/s ]

Exiting...
