CPU_RISCV64_SPACEMIT: tcm is available, blk_size: 393216, blk_num: 8, is_fake_tcm: 0
CPU_RISCV64_SPACEMIT: num_cores: 16, num_perfer_cores: 8, perfer_core_arch_id: a064, exclude_main_thread: 0, use_ime1: 0, use_ime2: 1, mem_backend: HPAGE, cpu_mask: ff00, aicpu_id_offset: 8
CPU_RISCV64_SPACEMIT: alloc_chunk: open(/dev/tcm_sync_mem) failed, errno=2
CPU_RISCV64_SPACEMIT: failed to allocate init_barrier from shared mem, falling back to heap

Loading model... 


▄▄ ▄▄
██ ██
██ ██  ▀▀█▄ ███▄███▄  ▀▀█▄    ▄████ ████▄ ████▄
██ ██ ▄█▀██ ██ ██ ██ ▄█▀██    ██    ██ ██ ██ ██
██ ██ ▀█▄██ ██ ██ ██ ▀█▄██ ██ ▀████ ████▀ ████▀
                                    ██    ██
                                    ▀▀    ▀▀

build      : b9510-246e63e6f
model      : gemma-4-E2B-it-qat-UD-Q4_K_XL.gguf
modalities : text

available commands:
  /exit or Ctrl+C     stop or exit
  /regen              regenerate the last response
  /clear              clear the chat history
  /read <file>        add a text file
  /glob <pattern>     add text files using globbing pattern


> Explain in technical detail how RISC-V vector extensions accelerate matrix multiplication in transformer inference, covering register width, fused multiply-add, and memory bandwidth.

[Start thinking]
Here's a thinking process that leads to the detailed explanation:

1.  **Deconstruct the Request:**
    *   **Core Topic:** How RISC-V vector extensions accelerate matrix multiplication (GEMM) in transformer inference.
    *   **Required Technical Detail:** Must cover three specific areas:
        1.  Register width.
        2.  Fused multiply-add (FMA).
        3.  Memory bandwidth.

2.  **Establish the Context (Transformer Inference & GEMM):**
    *   Transformer inference relies heavily on large matrix multiplications (Attention mechanism, Feed-Forward Networks).
    *   These operations are inherently data-parallel and compute-intensive.
    *   The goal is to maximize throughput (operations per second) and minimize latency.

3.  **Analyze RISC-V Vector Extensions (The Hardware Foundation):**
    *   RISC-V is an open ISA, meaning vector extensions (like V-extension, or future extensions) are customizable.
    *   The key concept is Single Instruction, Multiple Data (SIMD).

4.  **Address Requirement 1: Register Width (Data Parallelism):**
    *   *Concept

[ Prompt: 88.1 t/s | Generation: 13.9 t/s ]

Exiting...
