CPU_RISCV64_SPACEMIT: tcm is available, blk_size: 393216, blk_num: 8, is_fake_tcm: 0
CPU_RISCV64_SPACEMIT: num_cores: 16, num_perfer_cores: 8, perfer_core_arch_id: a064, exclude_main_thread: 0, use_ime1: 0, use_ime2: 1, mem_backend: HPAGE, cpu_mask: ff00, aicpu_id_offset: 8
CPU_RISCV64_SPACEMIT: alloc_chunk: open(/dev/tcm_sync_mem) failed, errno=2
CPU_RISCV64_SPACEMIT: failed to allocate init_barrier from shared mem, falling back to heap

Loading model... 


▄▄ ▄▄
██ ██
██ ██  ▀▀█▄ ███▄███▄  ▀▀█▄    ▄████ ████▄ ████▄
██ ██ ▄█▀██ ██ ██ ██ ▄█▀██    ██    ██ ██ ██ ██
██ ██ ▀█▄██ ██ ██ ██ ▀█▄██ ██ ▀████ ████▀ ████▀
                                    ██    ██
                                    ▀▀    ▀▀

build      : b9510-246e63e6f
model      : gemma-4-12b-it-Q4_K_M.gguf
modalities : text

available commands:
  /exit or Ctrl+C     stop or exit
  /regen              regenerate the last response
  /clear              clear the chat history
  /read <file>        add a text file
  /glob <pattern>     add text files using globbing pattern


> Explain in technical detail how RISC-V vector extensions accelerate matrix multiplication in transformer inference, covering register width, fused multiply-add, and memory bandwidth.

[Start thinking]
RISC-V Vector Extensions (RVV) and their role in accelerating matrix multiplication (MatMul) for Transformer inference.
Register width (VLEN), Fused Multiply-Add (FMA), and Memory Bandwidth.
Technical, detailed.

    *   *What is a Transformer?* It's basically a series of large matrix multiplications ($Q \times K^V$, $V \times W$, etc.).
    *   *What is RISC-V Vector (RVV)?* It's a vector ISA that allows SIMD (Single Instruction, Multiple Data) operations. It's "vector-length agnostic" (VLA).
    *   *How do they connect?* RVV provides the hardware primitives to execute the math inside the Transformer's matrix multiplications efficiently.

    A good technical explanation should flow from the hardware architecture to the mathematical operation, then to the system-level constraints.

    *   **Introduction:** Briefly state the role of MatMul in Transformers.
    *   **Core Mechanism 1: Vector Register Architecture (VLEN & Registerization).**
    *   **Core Mechanism 2: Instruction Set Architecture (FMA & Vectorization).**
    

[ Prompt: 15.2 t/s | Generation: 4.0 t/s ]

Exiting...
